// Jest Snapshot v1, https://goo.gl/fbAQLP

exports[`process should process 1`] = `
Object {
  "code": "_getJestObj().mock(\\"noop3\\");

function _getJestObj() {
  const {
    jest
  } = require(\\"@jest/globals\\");

  _getJestObj = () => jest;

  return jest;
}

var __create = Object.create;
var __defProp = Object.defineProperty;
var __getOwnPropDesc = Object.getOwnPropertyDescriptor;
var __getOwnPropNames = Object.getOwnPropertyNames;
var __getProtoOf = Object.getPrototypeOf;
var __hasOwnProp = Object.prototype.hasOwnProperty;

var __markAsModule = target => __defProp(target, \\"__esModule\\", {
  value: true
});

var __export = (target, all) => {
  __markAsModule(target);

  for (var name in all) __defProp(target, name, {
    get: all[name],
    enumerable: true
  });
};

var __reExport = (target, module2, desc) => {
  if (module2 && typeof module2 === \\"object\\" || typeof module2 === \\"function\\") {
    for (let key of __getOwnPropNames(module2)) if (!__hasOwnProp.call(target, key) && key !== \\"default\\") __defProp(target, key, {
      get: () => module2[key],
      enumerable: !(desc = __getOwnPropDesc(module2, key)) || desc.enumerable
    });
  }

  return target;
};

var __toModule = module2 => {
  return __reExport(__markAsModule(__defProp(module2 != null ? __create(__getProtoOf(module2)) : {}, \\"default\\", module2 && module2.__esModule && \\"default\\" in module2 ? {
    get: () => module2.default,
    enumerable: true
  } : {
    value: module2,
    enumerable: true
  })), module2);
};

__export(exports, {
  URL: () => import_url.URL,
  foo: () => foo,
  noop: () => import_noop3.default
});

var import_noop3 = __toModule(require(\\"noop3\\"));

var import_url = __toModule(require(\\"url\\"));

const foo = 42;
//# sourceMappingURL=data:application/json;charset=utf-8;base64,eyJ2ZXJzaW9uIjozLCJtYXBwaW5ncyI6IkFBS0UsY0FBS0EsSUFBTCxDQUFVLE9BQVY7Ozs7Ozs7Ozs7Ozs7Ozs7Ozs7Ozs7Ozs7Ozs7Ozs7Ozs7Ozs7Ozs7Ozs7Ozs7Ozs7Ozs7O0FBTEZDO0VBQUFDO0VBQUFDO0VBQUFDO0FBQUE7O0FBRUUsbUJBQThCQyw0QkFBOUI7O0FBQ0EsaUJBQWtCQSwwQkFBbEI7O0FBRk8sTUFBTUYsTUFBTyxFQUFiIiwibmFtZXMiOlsibW9jayIsIl9fZXhwb3J0IiwiVVJMIiwiZm9vIiwibm9vcCIsIl9fdG9Nb2R1bGUiXSwic291cmNlcyI6WyIuL251bGwuanMiXSwic291cmNlc0NvbnRlbnQiOlsiXG4gIGV4cG9ydCBjb25zdCBmb28gPSAgNDJcbiAgZXhwb3J0IHtkZWZhdWx0IGFzIG5vb3B9IGZyb20gJ25vb3AzJ1xuICBleHBvcnQge1VSTH0gZnJvbSAndXJsJ1xuXG4gIGplc3QubW9jayhcIm5vb3AzXCIpXG4iXX0=",
  "map": Object {
    "file": undefined,
    "mappings": "AAKE,cAAKA,IAAL,CAAU,OAAV;;;;;;;;;;;;;;;;;;;;;;;;;;;;;;;;;;;;;;;;;;;;;;;;;;;;;AALFC;EAAAC;EAAAC;EAAAC;AAAA;;AAEE,mBAA8BC,4BAA9B;;AACA,iBAAkBA,0BAAlB;;AAFO,MAAMF,MAAO,EAAb",
    "names": Array [
      "mock",
      "__export",
      "URL",
      "foo",
      "noop",
      "__toModule",
    ],
    "sourceRoot": undefined,
    "sources": Array [
      "./null.js",
    ],
    "sourcesContent": Array [
      "
  export const foo =  42
  export {default as noop} from 'noop3'
  export {URL} from 'url'

  jest.mock(\\"noop3\\")
",
    ],
    "version": 3,
  },
}
`;
